10:40:34 **** Incremental Build of configuration Debug for project LAB2 ****
make -j12 all 
arm-none-eabi-gcc -o "LAB2.elf" @"objects.list"   -mcpu=cortex-m3 -T"D:\DaiHoc\HK5\VXL\GIT_LAB2\SrcFile\LAB2\STM32F103C6UX_FLASH.ld" --specs=nosys.specs -Wl,-Map="LAB2.map" -Wl,--gc-sections -static --specs=nano.specs -mfloat-abi=soft -mthumb -Wl,--start-group -lc -lm -Wl,--end-group
Finished building target: LAB2.elf
 
arm-none-eabi-size   LAB2.elf 
arm-none-eabi-objdump -h -S  LAB2.elf  > "LAB2.list"
   text	   data	    bss	    dec	    hex	filename
   8348	     40	   1656	  10044	   273c	LAB2.elf
arm-none-eabi-objcopy  -O ihex  LAB2.elf  "LAB2.hex"
Finished building: default.size.stdout
Finished building: LAB2.list
 
Finished building: LAB2.hex
 
arm-none-eabi-objcopy  -O binary  LAB2.elf  "LAB2.bin"
 
Finished building: LAB2.bin
 

10:40:35 Build Finished. 0 errors, 0 warnings. (took 1s.5ms)

